###############################################################################
#
# IAR ELF Linker V8.32.3.193/W32 for ARM                  23/Jun/2019  23:33:53
# Copyright 2007-2019 IAR Systems AB.
#
#    Output file  =  
#        F:\università\III_anno\laboratorio_di_elettronica\micro\tesina_finale\micro\EWARM\micro\Exe\micro.out
#    Map file     =  
#        F:\università\III_anno\laboratorio_di_elettronica\micro\tesina_finale\micro\EWARM\micro\List\micro.map
#    Command line =  
#        -f C:\Users\DOMENI~1\AppData\Local\Temp\EW410D.tmp
#        (F:\università\III_anno\laboratorio_di_elettronica\micro\tesina_finale\micro\EWARM\micro\Obj\main.o
#        F:\università\III_anno\laboratorio_di_elettronica\micro\tesina_finale\micro\EWARM\micro\Obj\startup_stm32f401xe.o
#        F:\università\III_anno\laboratorio_di_elettronica\micro\tesina_finale\micro\EWARM\micro\Obj\stm32f4xx_hal.o
#        F:\università\III_anno\laboratorio_di_elettronica\micro\tesina_finale\micro\EWARM\micro\Obj\stm32f4xx_hal_cortex.o
#        F:\università\III_anno\laboratorio_di_elettronica\micro\tesina_finale\micro\EWARM\micro\Obj\stm32f4xx_hal_dma.o
#        F:\università\III_anno\laboratorio_di_elettronica\micro\tesina_finale\micro\EWARM\micro\Obj\stm32f4xx_hal_dma_ex.o
#        F:\università\III_anno\laboratorio_di_elettronica\micro\tesina_finale\micro\EWARM\micro\Obj\stm32f4xx_hal_exti.o
#        F:\università\III_anno\laboratorio_di_elettronica\micro\tesina_finale\micro\EWARM\micro\Obj\stm32f4xx_hal_flash.o
#        F:\università\III_anno\laboratorio_di_elettronica\micro\tesina_finale\micro\EWARM\micro\Obj\stm32f4xx_hal_flash_ex.o
#        F:\università\III_anno\laboratorio_di_elettronica\micro\tesina_finale\micro\EWARM\micro\Obj\stm32f4xx_hal_flash_ramfunc.o
#        F:\università\III_anno\laboratorio_di_elettronica\micro\tesina_finale\micro\EWARM\micro\Obj\stm32f4xx_hal_gpio.o
#        F:\università\III_anno\laboratorio_di_elettronica\micro\tesina_finale\micro\EWARM\micro\Obj\stm32f4xx_hal_msp.o
#        F:\università\III_anno\laboratorio_di_elettronica\micro\tesina_finale\micro\EWARM\micro\Obj\stm32f4xx_hal_pwr.o
#        F:\università\III_anno\laboratorio_di_elettronica\micro\tesina_finale\micro\EWARM\micro\Obj\stm32f4xx_hal_pwr_ex.o
#        F:\università\III_anno\laboratorio_di_elettronica\micro\tesina_finale\micro\EWARM\micro\Obj\stm32f4xx_hal_rcc.o
#        F:\università\III_anno\laboratorio_di_elettronica\micro\tesina_finale\micro\EWARM\micro\Obj\stm32f4xx_hal_rcc_ex.o
#        F:\università\III_anno\laboratorio_di_elettronica\micro\tesina_finale\micro\EWARM\micro\Obj\stm32f4xx_hal_rtc.o
#        F:\università\III_anno\laboratorio_di_elettronica\micro\tesina_finale\micro\EWARM\micro\Obj\stm32f4xx_hal_rtc_ex.o
#        F:\università\III_anno\laboratorio_di_elettronica\micro\tesina_finale\micro\EWARM\micro\Obj\stm32f4xx_hal_tim.o
#        F:\università\III_anno\laboratorio_di_elettronica\micro\tesina_finale\micro\EWARM\micro\Obj\stm32f4xx_hal_tim_ex.o
#        F:\università\III_anno\laboratorio_di_elettronica\micro\tesina_finale\micro\EWARM\micro\Obj\stm32f4xx_it.o
#        F:\università\III_anno\laboratorio_di_elettronica\micro\tesina_finale\micro\EWARM\micro\Obj\system_stm32f4xx.o
#        --redirect _Printf=_PrintfFull --redirect _Scanf=_ScanfFull
#        --no_out_extension -o
#        F:\università\III_anno\laboratorio_di_elettronica\micro\tesina_finale\micro\EWARM\micro\Exe\micro.out
#        --map
#        F:\università\III_anno\laboratorio_di_elettronica\micro\tesina_finale\micro\EWARM\micro\List\micro.map
#        --config
#        F:\università\III_anno\laboratorio_di_elettronica\micro\tesina_finale\micro\EWARM/stm32f401xe_flash.icf
#        --semihosting --entry __iar_program_start --vfe --text_out locale)
#
###############################################################################

*******************************************************************************
*** RUNTIME MODEL ATTRIBUTES
***

CppFlavor       = *
__SystemLibrary = DLib
__dlib_version  = 6


*******************************************************************************
*** HEAP SELECTION
***

The basic heap was selected because some modules are built with
size limitations (and not runtime checking), and --advanced_heap
was not specified.


*******************************************************************************
*** PLACEMENT SUMMARY
***

"A0":  place at 0x800'0000 { ro section .intvec };
"P1":  place in [from 0x800'0000 to 0x807'ffff] { ro };
define block CSTACK with size = 1K, alignment = 8 { };
define block HEAP with size = 512, alignment = 8 { };
"P2":  place in [from 0x2000'0000 to 0x2001'7fff] {
          rw, block CSTACK, block HEAP };
initialize by copy { rw };

  Section            Kind         Address    Size  Object
  -------            ----         -------    ----  ------
"A0":                                       0x194
  .intvec            ro code   0x800'0000   0x194  startup_stm32f401xe.o [1]
                             - 0x800'0194   0x194

"P1":                                      0x19ad
  .text              ro code   0x800'0194   0x394  stm32f4xx_hal_tim.o [1]
  .text              ro code   0x800'0528    0xe8  stm32f4xx_hal_msp.o [1]
  .text              ro code   0x800'0610     0x2  stm32f4xx_hal_tim.o [1]
  .text              ro code   0x800'0612     0x2  stm32f4xx_hal_tim.o [1]
  .text              ro code   0x800'0614     0x2  stm32f4xx_hal_tim.o [1]
  .text              ro code   0x800'0616     0x2  stm32f4xx_hal_tim_ex.o [1]
  .text              ro code   0x800'0618     0x2  stm32f4xx_hal_tim.o [1]
  .text              ro code   0x800'061a     0x2  stm32f4xx_hal_tim_ex.o [1]
  .text              ro code   0x800'061c     0x2  stm32f4xx_hal_tim.o [1]
  .text              ro code   0x800'061e    0x3a  zero_init3.o [4]
  .text              ro code   0x800'0658    0xc4  stm32f4xx_hal_cortex.o [1]
  .text              ro code   0x800'071c   0x362  stm32f4xx_hal_rtc.o [1]
  .text              ro code   0x800'0a80     0xc  stm32f4xx_hal.o [1]
  .text              ro code   0x800'0a8c   0x2fc  main.o [1]
  .text              ro code   0x800'0d88    0x34  stm32f4xx_hal.o [1]
  .text              ro code   0x800'0dbc   0x1d6  stm32f4xx_hal_gpio.o [1]
  .text              ro code   0x800'0f94    0x3e  stm32f4xx_hal_tim_ex.o [1]
  .text              ro code   0x800'0fd4    0xb0  rand.o [2]
  .text              ro code   0x800'1084     0x6  ABImemclr4.o [4]
  .text              ro code   0x800'108c   0x2f8  stm32f4xx_hal_rcc.o [1]
  .text              ro code   0x800'1384   0x17c  stm32f4xx_hal_rcc.o [1]
  .text              ro code   0x800'1500   0x140  stm32f4xx_hal_rcc_ex.o [1]
  .text              ro code   0x800'1640    0x40  stm32f4xx_hal.o [1]
  .text              ro code   0x800'1680    0x32  ABImemset48.o [4]
  .text              ro code   0x800'16b4   0x106  I64DivMod_small.o [4]
  .text              ro code   0x800'17bc     0x2  I64DivZer.o [4]
  .text              ro code   0x800'17c0   0x120  stm32f4xx_it.o [1]
  .text              ro code   0x800'18e0    0x10  stm32f4xx_hal.o [1]
  .text              ro code   0x800'18f0    0x60  system_stm32f4xx.o [1]
  .text              ro code   0x800'1950    0x38  packbits_init_single.o [4]
  .text              ro code   0x800'1988    0x28  data_init.o [4]
  .text              ro code   0x800'19b0    0x22  fpinit_M.o [3]
  .iar.init_table    const     0x800'19d4    0x20  - Linker created -
  .text              ro code   0x800'19f4    0x1e  cmain.o [4]
  .text              ro code   0x800'1a12     0x4  low_level_init.o [2]
  .text              ro code   0x800'1a16     0x4  exit.o [2]
  .text              ro code   0x800'1a1c     0xa  cexit.o [4]
  .text              ro code   0x800'1a28    0x14  exit.o [5]
  .text              ro code   0x800'1a3c    0x10  startup_stm32f401xe.o [1]
  .text              ro code   0x800'1a4c     0xc  cstartup_M.o [4]
  .text              ro code   0x800'1a58     0x4  startup_stm32f401xe.o [1]
  .text              ro code   0x800'1a5c     0x4  startup_stm32f401xe.o [1]
  .text              ro code   0x800'1a60     0x4  startup_stm32f401xe.o [1]
  .text              ro code   0x800'1a64     0x4  startup_stm32f401xe.o [1]
  .text              ro code   0x800'1a68     0x4  startup_stm32f401xe.o [1]
  .text              ro code   0x800'1a6c     0x4  startup_stm32f401xe.o [1]
  .text              ro code   0x800'1a70     0x4  startup_stm32f401xe.o [1]
  .text              ro code   0x800'1a74     0x4  startup_stm32f401xe.o [1]
  .text              ro code   0x800'1a78     0x4  startup_stm32f401xe.o [1]
  .text              ro code   0x800'1a7c     0x4  startup_stm32f401xe.o [1]
  .text              ro code   0x800'1a80     0x4  startup_stm32f401xe.o [1]
  .text              ro code   0x800'1a84     0x4  startup_stm32f401xe.o [1]
  .text              ro code   0x800'1a88     0x4  startup_stm32f401xe.o [1]
  .text              ro code   0x800'1a8c     0x4  startup_stm32f401xe.o [1]
  .text              ro code   0x800'1a90     0x4  startup_stm32f401xe.o [1]
  .text              ro code   0x800'1a94     0x4  startup_stm32f401xe.o [1]
  .text              ro code   0x800'1a98     0x4  startup_stm32f401xe.o [1]
  .text              ro code   0x800'1a9c     0x4  startup_stm32f401xe.o [1]
  .text              ro code   0x800'1aa0     0x4  startup_stm32f401xe.o [1]
  .text              ro code   0x800'1aa4     0x4  startup_stm32f401xe.o [1]
  .text              ro code   0x800'1aa8     0x4  startup_stm32f401xe.o [1]
  .text              ro code   0x800'1aac     0x4  startup_stm32f401xe.o [1]
  .text              ro code   0x800'1ab0     0x4  startup_stm32f401xe.o [1]
  .text              ro code   0x800'1ab4     0x4  startup_stm32f401xe.o [1]
  .text              ro code   0x800'1ab8     0x4  startup_stm32f401xe.o [1]
  .text              ro code   0x800'1abc     0x4  startup_stm32f401xe.o [1]
  .text              ro code   0x800'1ac0     0x4  startup_stm32f401xe.o [1]
  .text              ro code   0x800'1ac4     0x4  startup_stm32f401xe.o [1]
  .text              ro code   0x800'1ac8     0x4  startup_stm32f401xe.o [1]
  .text              ro code   0x800'1acc     0x4  startup_stm32f401xe.o [1]
  .text              ro code   0x800'1ad0     0x4  startup_stm32f401xe.o [1]
  .text              ro code   0x800'1ad4     0x4  startup_stm32f401xe.o [1]
  .text              ro code   0x800'1ad8     0x4  startup_stm32f401xe.o [1]
  .text              ro code   0x800'1adc     0x4  startup_stm32f401xe.o [1]
  .text              ro code   0x800'1ae0     0x4  startup_stm32f401xe.o [1]
  .text              ro code   0x800'1ae4     0x4  startup_stm32f401xe.o [1]
  .text              ro code   0x800'1ae8     0x4  startup_stm32f401xe.o [1]
  .text              ro code   0x800'1aec     0x4  startup_stm32f401xe.o [1]
  .text              ro code   0x800'1af0     0x4  startup_stm32f401xe.o [1]
  .text              ro code   0x800'1af4     0x4  startup_stm32f401xe.o [1]
  .text              ro code   0x800'1af8     0x4  startup_stm32f401xe.o [1]
  .text              ro code   0x800'1afc     0x4  startup_stm32f401xe.o [1]
  .text              ro code   0x800'1b00     0x4  startup_stm32f401xe.o [1]
  .text              ro code   0x800'1b04     0x4  startup_stm32f401xe.o [1]
  .text              ro code   0x800'1b08     0x4  startup_stm32f401xe.o [1]
  .text              ro code   0x800'1b0c     0x4  startup_stm32f401xe.o [1]
  .text              ro code   0x800'1b10     0x4  startup_stm32f401xe.o [1]
  .text              ro code   0x800'1b14     0x4  startup_stm32f401xe.o [1]
  .text              ro code   0x800'1b18     0x4  startup_stm32f401xe.o [1]
  .text              ro code   0x800'1b1c     0x4  startup_stm32f401xe.o [1]
  .text              ro code   0x800'1b20     0x4  startup_stm32f401xe.o [1]
  .text              ro code   0x800'1b24     0x4  startup_stm32f401xe.o [1]
  .rodata            const     0x800'1b28     0x0  zero_init3.o [4]
  .rodata            const     0x800'1b28     0x0  packbits_init_single.o [4]
  Initializer bytes  const     0x800'1b28    0x19  <for P2-1>
                             - 0x800'1b41  0x19ad

"P2", part 1 of 3:                          0x114
  P2-1                        0x2000'0000   0x114  <Init block>
    .data            inited   0x2000'0000    0xfc  main.o [1]
    .data            inited   0x2000'00fc     0xc  stm32f4xx_hal.o [1]
    .data            inited   0x2000'0108     0x4  system_stm32f4xx.o [1]
    .data            inited   0x2000'010c     0x8  rand.o [2]
                            - 0x2000'0114   0x114

"P2", part 2 of 3:                           0x88
  .bss               zero     0x2000'0114    0x84  rand.o [2]
  .bss               zero     0x2000'0198     0x4  stm32f4xx_it.o [1]
                            - 0x2000'019c    0x88

"P2", part 3 of 3:                          0x400
  CSTACK                      0x2000'01a0   0x400  <Block>
    CSTACK           uninit   0x2000'01a0   0x400  <Block tail>
                            - 0x2000'05a0   0x400

Unused ranges:

         From           To      Size
         ----           --      ----
   0x800'1b41   0x807'ffff  0x7'e4bf
  0x2000'019c  0x2000'019f       0x4
  0x2000'05a0  0x2001'7fff  0x1'7a60


*******************************************************************************
*** INIT TABLE
***

          Address      Size
          -------      ----
Zero (__iar_zero_init3)
    1 destination range, total size 0x88:
          0x2000'0114   0x88

Copy/packbits (__iar_packbits_init_single3)
    1 source range, total size 0x19 (9% of destination):
           0x800'1b28   0x19
    1 destination range, total size 0x114:
          0x2000'0000  0x114



*******************************************************************************
*** MODULE SUMMARY
***

    Module                  ro code  ro data  rw data
    ------                  -------  -------  -------
command line/config:
    -------------------------------------------------
    Total:

F:\università\III_anno\laboratorio_di_elettronica\micro\tesina_finale\micro\EWARM\micro\Obj: [1]
    main.o                      764       22      252
    startup_stm32f401xe.o       628
    stm32f4xx_hal.o             144        1       12
    stm32f4xx_hal_cortex.o      196
    stm32f4xx_hal_gpio.o        470
    stm32f4xx_hal_msp.o         232
    stm32f4xx_hal_rcc.o       1 140
    stm32f4xx_hal_rcc_ex.o      320
    stm32f4xx_hal_rtc.o         866
    stm32f4xx_hal_tim.o         926
    stm32f4xx_hal_tim_ex.o       66
    stm32f4xx_it.o              288                 4
    system_stm32f4xx.o           96        1        4
    -------------------------------------------------
    Total:                    6 136       24      272

dl7M_tln.a: [2]
    exit.o                        4
    low_level_init.o              4
    rand.o                      176        1      140
    -------------------------------------------------
    Total:                      184        1      140

m7M_tls.a: [3]
    fpinit_M.o                   34
    -------------------------------------------------
    Total:                       34

rt7M_tl.a: [4]
    ABImemclr4.o                  6
    ABImemset48.o                50
    I64DivMod_small.o           262
    I64DivZer.o                   2
    cexit.o                      10
    cmain.o                      30
    cstartup_M.o                 12
    data_init.o                  40
    packbits_init_single.o       56
    zero_init3.o                 58
    -------------------------------------------------
    Total:                      526

shb_l.a: [5]
    exit.o                       20
    -------------------------------------------------
    Total:                       20

    Gaps                         18        2
    Linker created                        32    1 024
-----------------------------------------------------
    Grand Total:              6 918       59    1 436


*******************************************************************************
*** ENTRY LIST
***

Entry                       Address   Size  Type      Object
-----                       -------   ----  ----      ------
.iar.init_table$$Base    0x800'19d4          --   Gb  - Linker created -
.iar.init_table$$Limit   0x800'19f4          --   Gb  - Linker created -
?main                    0x800'19f5         Code  Gb  cmain.o [4]
AHBPrescTable            0x800'1940   0x10  Data  Gb  system_stm32f4xx.o [1]
BusFault_Handler         0x800'17c7    0x2  Code  Gb  stm32f4xx_it.o [1]
CSTACK$$Base            0x2000'01a0          --   Gb  - Linker created -
CSTACK$$Limit           0x2000'05a0          --   Gb  - Linker created -
DebugMon_Handler         0x800'17cd    0x2  Code  Gb  stm32f4xx_it.o [1]
EXTI15_10_IRQHandler     0x800'186f   0x50  Code  Gb  stm32f4xx_it.o [1]
HAL_GPIO_EXTI_IRQHandler
                         0x800'0f59   0x10  Code  Gb  stm32f4xx_hal_gpio.o [1]
HAL_GPIO_Init            0x800'0dbd  0x186  Code  Gb  stm32f4xx_hal_gpio.o [1]
HAL_GPIO_TogglePin       0x800'0f4b    0xe  Code  Gb  stm32f4xx_hal_gpio.o [1]
HAL_GPIO_WritePin        0x800'0f43    0x8  Code  Gb  stm32f4xx_hal_gpio.o [1]
HAL_GetTick              0x800'0a81    0xc  Code  Wk  stm32f4xx_hal.o [1]
HAL_IncTick              0x800'18e1   0x10  Code  Wk  stm32f4xx_hal.o [1]
HAL_Init                 0x800'0d89   0x30  Code  Gb  stm32f4xx_hal.o [1]
HAL_InitTick             0x800'1641   0x40  Code  Wk  stm32f4xx_hal.o [1]
HAL_MspInit              0x800'0529   0x38  Code  Gb  stm32f4xx_hal_msp.o [1]
HAL_NVIC_EnableIRQ       0x800'06c7   0x16  Code  Gb  stm32f4xx_hal_cortex.o [1]
HAL_NVIC_SetPriority     0x800'068d   0x3a  Code  Gb  stm32f4xx_hal_cortex.o [1]
HAL_NVIC_SetPriorityGrouping
                         0x800'0673   0x1a  Code  Gb  stm32f4xx_hal_cortex.o [1]
HAL_RCCEx_PeriphCLKConfig
                         0x800'1501  0x114  Code  Gb  stm32f4xx_hal_rcc_ex.o [1]
HAL_RCC_ClockConfig      0x800'1385   0xfe  Code  Gb  stm32f4xx_hal_rcc.o [1]
HAL_RCC_OscConfig        0x800'108d  0x2f8  Code  Wk  stm32f4xx_hal_rcc.o [1]
HAL_RTC_GetDate          0x800'095d   0x4e  Code  Gb  stm32f4xx_hal_rtc.o [1]
HAL_RTC_GetTime          0x800'0879   0x3c  Code  Gb  stm32f4xx_hal_rtc.o [1]
HAL_RTC_Init             0x800'071d   0x8e  Code  Gb  stm32f4xx_hal_rtc.o [1]
HAL_RTC_MspInit          0x800'0561   0x10  Code  Gb  stm32f4xx_hal_msp.o [1]
HAL_RTC_SetDate          0x800'08b5   0x80  Code  Gb  stm32f4xx_hal_rtc.o [1]
HAL_RTC_SetTime          0x800'07b7   0xa8  Code  Gb  stm32f4xx_hal_rtc.o [1]
HAL_RTC_WaitForSynchro   0x800'0a01   0x32  Code  Gb  stm32f4xx_hal_rtc.o [1]
HAL_SYSTICK_Config       0x800'06dd   0x28  Code  Gb  stm32f4xx_hal_cortex.o [1]
HAL_TIMEx_BreakCallback
                         0x800'0617    0x2  Code  Wk  stm32f4xx_hal_tim_ex.o [1]
HAL_TIMEx_CommutCallback
                         0x800'061b    0x2  Code  Wk  stm32f4xx_hal_tim_ex.o [1]
HAL_TIMEx_MasterConfigSynchronization
                         0x800'0f95   0x3e  Code  Gb  stm32f4xx_hal_tim_ex.o [1]
HAL_TIM_Base_Init        0x800'0195   0x1a  Code  Gb  stm32f4xx_hal_tim.o [1]
HAL_TIM_Base_MspInit     0x800'0571   0x80  Code  Gb  stm32f4xx_hal_msp.o [1]
HAL_TIM_Base_Start_IT    0x800'01af   0x20  Code  Gb  stm32f4xx_hal_tim.o [1]
HAL_TIM_Base_Stop_IT     0x800'01cf   0x2a  Code  Gb  stm32f4xx_hal_tim.o [1]
HAL_TIM_ConfigClockSource
                         0x800'0365   0x90  Code  Gb  stm32f4xx_hal_tim.o [1]
HAL_TIM_IRQHandler       0x800'021d  0x142  Code  Gb  stm32f4xx_hal_tim.o [1]
HardFault_Handler        0x800'17c3    0x2  Code  Gb  stm32f4xx_it.o [1]
MemManage_Handler        0x800'17c5    0x2  Code  Gb  stm32f4xx_it.o [1]
NMI_Handler              0x800'17c1    0x2  Code  Gb  stm32f4xx_it.o [1]
PendSV_Handler           0x800'17cf    0x2  Code  Gb  stm32f4xx_it.o [1]
RTC_ByteToBcd2           0x800'0a69   0x16  Code  Gb  stm32f4xx_hal_rtc.o [1]
RTC_EnterInitMode        0x800'0a33   0x36  Code  Gb  stm32f4xx_hal_rtc.o [1]
Region$$Table$$Base      0x800'19d4          --   Gb  - Linker created -
Region$$Table$$Limit     0x800'19f4          --   Gb  - Linker created -
SVC_Handler              0x800'17cb    0x2  Code  Gb  stm32f4xx_it.o [1]
SysTick_Handler          0x800'17d1    0x4  Code  Gb  stm32f4xx_it.o [1]
SystemClock_Config       0x800'0c9f   0xa8  Code  Gb  main.o [1]
SystemCoreClock         0x2000'0108    0x4  Data  Gb  system_stm32f4xx.o [1]
SystemInit               0x800'18f1   0x3a  Code  Gb  system_stm32f4xx.o [1]
TIM1_UP_TIM10_IRQHandler
                         0x800'17d5   0x2e  Code  Gb  stm32f4xx_it.o [1]
TIM2_IRQHandler          0x800'1803   0x14  Code  Gb  stm32f4xx_it.o [1]
TIM3_IRQHandler          0x800'1817   0x4e  Code  Gb  stm32f4xx_it.o [1]
TIM_Base_SetConfig       0x800'041f   0x7a  Code  Gb  stm32f4xx_hal_tim.o [1]
TIM_ETR_SetConfig        0x800'050f   0x14  Code  Gb  stm32f4xx_hal_tim.o [1]
TIM_ITRx_SetConfig       0x800'04ff   0x10  Code  Lc  stm32f4xx_hal_tim.o [1]
TIM_TI1_ConfigInputStage
                         0x800'04bd   0x1e  Code  Lc  stm32f4xx_hal_tim.o [1]
TIM_TI2_ConfigInputStage
                         0x800'04db   0x24  Code  Lc  stm32f4xx_hal_tim.o [1]
UsageFault_Handler       0x800'17c9    0x2  Code  Gb  stm32f4xx_it.o [1]
_Rand_idx               0x2000'0194    0x4  Data  Lc  rand.o [2]
_Rand_rv                0x2000'0114   0x80  Data  Lc  rand.o [2]
_Randinit               0x2000'010c    0x1  Data  Gb  rand.o [2]
_Randseed               0x2000'0110    0x4  Data  Gb  rand.o [2]
__NVIC_SetPriority       0x800'0659   0x1a  Code  Lc  stm32f4xx_hal_cortex.o [1]
__aeabi_ldiv0            0x800'17bd         Code  Gb  I64DivZer.o [4]
__aeabi_memclr4          0x800'1085         Code  Gb  ABImemclr4.o [4]
__cmain                  0x800'19f5         Code  Gb  cmain.o [4]
__exit                   0x800'1a29   0x14  Code  Gb  exit.o [5]
__iar_Memset4_word       0x800'1681         Code  Gb  ABImemset48.o [4]
__iar_Memset8_word       0x800'1681         Code  Gb  ABImemset48.o [4]
__iar_data_init3         0x800'1989   0x28  Code  Gb  data_init.o [4]
__iar_init_vfp           0x800'19b1         Code  Gb  fpinit_M.o [3]
__iar_packbits_init_single3
                         0x800'1951   0x38  Code  Gb  packbits_init_single.o [4]
__iar_program_start      0x800'1a4d         Code  Gb  cstartup_M.o [4]
__iar_small_uldivmod     0x800'16b5         Code  Gb  I64DivMod_small.o [4]
__iar_zero_init3         0x800'061f   0x3a  Code  Gb  zero_init3.o [4]
__low_level_init         0x800'1a13    0x4  Code  Gb  low_level_init.o [2]
__vector_table           0x800'0000         Data  Gb  startup_stm32f401xe.o [1]
_call_main               0x800'1a01         Code  Gb  cmain.o [4]
_exit                    0x800'1a1d         Code  Gb  cexit.o [4]
_main                    0x800'1a0f         Code  Gb  cmain.o [4]
exit                     0x800'1a17    0x4  Code  Gb  exit.o [2]
hrtc                    0x2000'001c   0x20  Data  Gb  main.o [1]
htim1                   0x2000'003c   0x40  Data  Gb  main.o [1]
htim2                   0x2000'007c   0x40  Data  Gb  main.o [1]
htim3                   0x2000'00bc   0x40  Data  Gb  main.o [1]
i                       0x2000'0198    0x2  Data  Gb  stm32f4xx_it.o [1]
main                     0x800'0a8d  0x202  Code  Gb  main.o [1]
period                  0x2000'019a    0x2  Data  Gb  stm32f4xx_it.o [1]
rand                     0x800'0fd5   0x94  Code  Gb  rand.o [2]
sDate                   0x2000'0000    0x4  Data  Gb  main.o [1]
sTime                   0x2000'0004   0x14  Data  Gb  main.o [1]
srand                    0x800'1069    0xa  Code  Gb  rand.o [2]
t_timer                 0x2000'0018    0x2  Data  Gb  main.o [1]
uwTick                  0x2000'0100    0x4  Data  Gb  stm32f4xx_hal.o [1]
uwTickFreq              0x2000'00fc    0x1  Data  Gb  stm32f4xx_hal.o [1]
uwTickPrio              0x2000'0104    0x4  Data  Gb  stm32f4xx_hal.o [1]


[1] = F:\università\III_anno\laboratorio_di_elettronica\micro\tesina_finale\micro\EWARM\micro\Obj
[2] = dl7M_tln.a
[3] = m7M_tls.a
[4] = rt7M_tl.a
[5] = shb_l.a

  6 918 bytes of readonly  code memory
     59 bytes of readonly  data memory
  1 436 bytes of readwrite data memory

Errors: none
Warnings: none
